// Jest Snapshot v1, https://goo.gl/fbAQLP

exports[`NotePageMain component renders a .NotePageMain by default 1`] = `
<section
  className="NotePageMain"
>
  <Note
    onDeleteNote={[Function]}
  />
  <div
    className="NotePageMain-Content"
  >
    <p
      key="0"
    />
  </div>
</section>
`;

exports[`NotePageMain component renders a Note with note prop 1`] = `
<Note
  onDeleteNote={[Function]}
/>
`;
